43
-59 
71 
60 
85 
-42 
62 
43 
29 
89 
5 
96 
27 
81 
39 
92 
7 
33 
8 
2 
36 
95 
97 
80 
46 
78 
67 
11 
72 
63 
58 
53 
94 
75 
10 
41 
26 
18 
73 
45 
21 
13 
1 
32 
