2731
171
1375767008165794912375884856553428662809498244885733130541564346423629954574804321547961603874107260142381236961607105934589446769538243586589945256413905148198923656247409073356071660615693856908917273198466636469135490345707192028224991923872490824191506721087859371
7143390714575115472989500327066678737076032078036890716291669255802340340832907483287989192104639054183964486117020978834580968571282093623989718383132383202623045183216153990280716403374914094585302788102030983322387960844932511706110362630718041943047464318457694778440286554435082924558137112046251
2182260405264094580008793131218399434811094697362043192988860912064089197603116369922180061550602771433924456085040047339478171030590262035552351726251
