25
8
16
37
9
30
40
34
7
44
41
35
2
46
23
47
32
19
14
27
6
45
38
1
31
12
