52
715 
-544 
857 
847 
423 
623 
645 
384 
437 
297 
891 
56 
963 
272 
383 
477 
791 
812 
528 
479 
568 
392 
925 
836 
71 
337 
87 
648 
20 
368 
832 
957 
778 
140 
978 
799 
800 
461 
520 
780 
678 
118 
720 
639 
582 
143 
537 
944 
758 
521 
105 
414 
