35393487665
73 157 182 23 105 5 37 29 33 34 46 199 169 133 137 40 127 110 10 132 11 60 150 108 134 129 65 86 159 180 153 7 99 170 128 198 177 158 166 172 4 93 3 106 183 104 145 174 6 189 173 95 140 196 181 141 71 123 151 81 112 160 32 68 149 79 171 179 16 53 25 62 122 103 187 117 87 126 54 48 125 50 47 118 43 200 51 100 31 135 195 161 12 70 83 59 98 90 52 138 41 13 2 88 96 28 163 130 89 61 44 80 77 67 116 17 8 85 142 120 92 136 91 124 56 167 155 190 26 168 115 193 186 165 176 101 42 58 1 30 35 66 194 36 192 144 45 19 9 57 15 185 148 69 94 75 109 22 175 49 102 64 76 143 147 72 139 121 97 164 156 82 78 152 162 113 14 18 38 184 146 27 178 107 84 24 131 154 63 55 74 114 39 197 20 188 191 119 21 111 