cb1
cb1
cb1
cb1
cb1
cb1
cb1
cb1
cb1
cb1
1cd7hd
1cd7hd
1cd7hd
1cd7hd
1cd7hd
1cd7hd
1cd7hd
1cd7hd
1cd7hd
1cd7hd
jlkjhysdf122
jlkjhysdf122
jlkjhysdf122
jlkjhysdf122
jlkjhysdf122
jlkjhysdf122
jlkjhysdf122
jlkjhysdf122
jlkjhysdf122
jlkjhysdf122
abc1x2y43z
abc1x2y43z
abc1x2y43z
abc1x2y43z
abc1x2y43z
abc1x2y43z
abc1x2y43z
abc1x2y43z
abc1x2y43z
abc1x2y43z
chuowngtrinh123d35
chuowngtrinh123d35
chuowngtrinh123d35
chuowngtrinh123d35
chuowngtrinh123d35
chuowngtrinh123d35
chuowngtrinh123d35
chuowngtrinh123d35
chuowngtrinh123d35
dfslfl9204693kjlsk
dfslfl9204693kjlsk
dfslfl9204693kjlsk
dfslfl9204693kjlsk
dfslfl9204693kjlsk
dfslfl9204693kjlsk
dfslfl9204693kjlsk
dfslfl9204693kjlsk
dfslfl9204693kjlsk
dfslfl9204693kjlsk
1233kjlkfg3457fd
1233kjlkfg3457fd
1233kjlkfg3457fd
1233kjlkfg3457fd
1233kjlkfg3457fd
1233kjlkfg3457fd
1233kjlkfg3457fd
1233kjlkfg3457fd
1233kjlkfg3457fd
1233kjlkfg3457fdchuowngtrinh123d35
1111111111111111111dsdddddddd
