ccccc1fkgggggggjjgjjjjjjjjjfgdfg
ccccc1fkgggggggjjgjjjjjjjjjfgdfg
ccccc1fkgggggggjjgjjjjjjjjjfgdfg
ccccc1fkgggggggjjgjjjjjjjjjfgdfg
ccccc1fkgggggggjjgjjjjjjjjjfgdfg
ccccc1fkgggggggjjgjjjjjjjjjfgdfg
ccccc1fkgggggggjjgjjjjjjjjjfgdfg
ccccc1fkgggggggjjgjjjjjjjjjfgdfg
ccccc1fkgggggggjjgjjjjjjjjjfgdfg
ccccc1fkgggggggjjgjjjjjjjjjfgdfg
ccccc1fkgggggggjjgjjjjjjjjjfgdfg
ccccc1fkgggggggjjgjjjjjjjjjfgdfg
ccccc1fkgggggggjjgjjjjjjjjjfgdfg
ccccc1fkgggggggjjgjjjjjjjjjfgdfg
ccccc1fkgggggggjjgjjjjjjjjjfgdfg
ccccc1fkgggggggjjgjjjjjjjjjfgdfg
ccccc1fkgggggggjjgjjjjjjjjjfgdfg
ccccc1fkgggggggjjgjjjjjjjjjfgdfg
ccccc1fkgggggggjjgjjjjjjjjjfgdfg
ccccc1fkgggggggjjgjjjjjjjjjfgdfg
bbbbbbb12kfjgldfgldfgjldfgld
bbbbbbb12kfjgldfgldfgjldfgld
bbbbbbb12kfjgldfgldfgjldfgld
bbbbbbb12kfjgldfgldfgjldfgld
bbbbbbb12kfjgldfgldfgjldfgld
bbbbbbb12kfjgldfgldfgjldfgld
bbbbbbb12kfjgldfgldfgjldfgld
bbbbbbb12kfjgldfgldfgjldfgld
bbbbbbb12kfjgldfgldfgjldfgld
bbbbbbb12kfjgldfgldfgjldfgld
bbbbbbb12kfjgldfgldfgjldfgld
bbbbbbb12kfjgldfgldfgjldfgld
bbbbbbb12kfjgldfgldfgjldfgld
bbbbbbb12kfjgldfgldfgjldfgld
bbbbbbb12kfjgldfgldfgjldfgld
bbbbbbb12kfjgldfgldfgjldfgld
bbbbbbb12kfjgldfgldfgjldfgld
bbbbbbb12kfjgldfgldfgjldfgld
bbbbbbb12kfjgldfgldfgjldfgld
bbbbbbb12kfjgldfgldfgjldfgld
ddddddd234fggggggg
ddddddd234fggggggg
ddddddd234fggggggg
ddddddd234fggggggg
ddddddd234fggggggg
ddddddd234fggggggg
ddddddd234fggggggg
ddddddd234fggggggg
ddddddd234fggggggg
ddddddd234fggggggg
ddddddd234fggggggg
ddddddd234fggggggg
ddddddd234fggggggg
ddddddd234fggggggg
ddddddd234fggggggg
ddddddd234fggggggg
ddddddd234fggggggg
ddddddd234fggggggg
ddddddd234fggggggg
ddddddd234fggggggg
aaaaa1234kfjlgdklgdfk
aaaaa1234kfjlgdklgdfk
aaaaa1234kfjlgdklgdfk
aaaaa1234kfjlgdklgdfk
aaaaa1234kfjlgdklgdfk
aaaaa1234kfjlgdklgdfk
aaaaa1234kfjlgdklgdfk
aaaaa1234kfjlgdklgdfk
aaaaa1234kfjlgdklgdfk
aaaaa1234kfjlgdklgdfk
aaaaa1234kfjlgdklgdfk
aaaaa1234kfjlgdklgdfk
aaaaa1234kfjlgdklgdfk
aaaaa1234kfjlgdklgdfk
aaaaa1234kfjlgdklgdfk
aaaaa1234kfjlgdklgdfk
aaaaa1234kfjlgdklgdfk
aaaaa1234kfjlgdklgdfk
aaaaa1234kfjlgdklgdfk
aaaaa1234kfjlgdklgdfk
eeeeeeeeee12345bbbbbbbbbbbbbbc
eeeeeeeeee12345bbbbbbbbbbbbbbc
eeeeeeeeee12345bbbbbbbbbbbbbbc
eeeeeeeeee12345bbbbbbbbbbbbbbc
eeeeeeeeee12345bbbbbbbbbbbbbbc
eeeeeeeeee12345bbbbbbbbbbbbbbc
eeeeeeeeee12345bbbbbbbbbbbbbbc
eeeeeeeeee12345bbbbbbbbbbbbbbc
eeeeeeeeee12345bbbbbbbbbbbbbbc
eeeeeeeeee12345bbbbbbbbbbbbbbc
eeeeeeeeee12345bbbbbbbbbbbbbbc
eeeeeeeeee12345bbbbbbbbbbbbbbc
eeeeeeeeee12345bbbbbbbbbbbbbbc
eeeeeeeeee12345bbbbbbbbbbbbbbc
eeeeeeeeee12345bbbbbbbbbbbbbbc
eeeeeeeeee12345bbbbbbbbbbbbbbc
eeeeeeeeee12345bbbbbbbbbbbbbbc
eeeeeeeeee12345bbbbbbbbbbbbbbc
eeeeeeeeee12345bbbbbbbbbbbbbbc
eeeeeeeeee12345bbbbbbbbbbbbbbc
aaaaaaaaaa123456fjjjjjjjjjjjjjj
aaaaaaaaaa123456fjjjjjjjjjjjjjj
aaaaaaaaaa123456fjjjjjjjjjjjjjj
aaaaaaaaaa123456fjjjjjjjjjjjjjj
aaaaaaaaaa123456fjjjjjjjjjjjjjj
aaaaaaaaaa123456fjjjjjjjjjjjjjj
aaaaaaaaaa123456fjjjjjjjjjjjjjj
aaaaaaaaaa123456fjjjjjjjjjjjjjj
aaaaaaaaaa123456fjjjjjjjjjjjjjj
aaaaaaaaaa123456fjjjjjjjjjjjjjj
aaaaaaaaaa123456fjjjjjjjjjjjjjj
aaaaaaaaaa123456fjjjjjjjjjjjjjj
aaaaaaaaaa123456fjjjjjjjjjjjjjj
aaaaaaaaaa123456fjjjjjjjjjjjjjj
aaaaaaaaaa123456fjjjjjjjjjjjjjj
aaaaaaaaaa123456fjjjjjjjjjjjjjj
aaaaaaaaaa123456fjjjjjjjjjjjjjj
aaaaaaaaaa123456fjjjjjjjjjjjjjj
aaaaaaaaaa123456fjjjjjjjjjjjjjj
aaaaaaaaaa123456fjjjjjjjjjjjjjj
fddddddddddddd1234567jhhhhhhhhh
fddddddddddddd1234567jhhhhhhhhh
fddddddddddddd1234567jhhhhhhhhh
fddddddddddddd1234567jhhhhhhhhh
fddddddddddddd1234567jhhhhhhhhh
fddddddddddddd1234567jhhhhhhhhh
fddddddddddddd1234567jhhhhhhhhh
fddddddddddddd1234567jhhhhhhhhh
fddddddddddddd1234567jhhhhhhhhh
fddddddddddddd1234567jhhhhhhhhh
fddddddddddddd1234567jhhhhhhhhh
fddddddddddddd1234567jhhhhhhhhh
fddddddddddddd1234567jhhhhhhhhh
fddddddddddddd1234567jhhhhhhhhh
fddddddddddddd1234567jhhhhhhhhh
fddddddddddddd1234567jhhhhhhhhh
fddddddddddddd1234567jhhhhhhhhh
fddddddddddddd1234567jhhhhhhhhh
fddddddddddddd1234567jhhhhhhhhh
fddddddddddddd1234567jhhhhhhhhh
aaaaaaaaaaaa12345678ghhhhh
aaaaaaaaaaaa12345678ghhhhh
aaaaaaaaaaaa12345678ghhhhh
aaaaaaaaaaaa12345678ghhhhh
aaaaaaaaaaaa12345678ghhhhh
aaaaaaaaaaaa12345678ghhhhh
aaaaaaaaaaaa12345678ghhhhh
aaaaaaaaaaaa12345678ghhhhh
aaaaaaaaaaaa12345678ghhhhh
aaaaaaaaaaaa12345678ghhhhh
aaaaaaaaaaaa12345678ghhhhh
aaaaaaaaaaaa12345678ghhhhh
aaaaaaaaaaaa12345678ghhhhh
aaaaaaaaaaaa12345678ghhhhh
aaaaaaaaaaaa12345678ghhhhh
aaaaaaaaaaaa12345678ghhhhh
aaaaaaaaaaaa12345678ghhhhh
aaaaaaaaaaaa12345678ghhhhh
aaaaaaaaaaaa12345678ghhhhh
aaaaaaaaaaaa12345678ghhhhh
aaaaaaaaaaaa123456789gffffffffffff
aaaaaaaaaaaa123456789gffffffffffff
aaaaaaaaaaaa123456789gffffffffffff
aaaaaaaaaaaa123456789gffffffffffff
aaaaaaaaaaaa123456789gffffffffffff
aaaaaaaaaaaa123456789gffffffffffff
aaaaaaaaaaaa123456789gffffffffffff
aaaaaaaaaaaa123456789gffffffffffff
aaaaaaaaaaaa123456789gffffffffffff
aaaaaaaaaaaa123456789gffffffffffff
aaaaaaaaaaaa123456789gffffffffffff
aaaaaaaaaaaa123456789gffffffffffff
aaaaaaaaaaaa123456789gffffffffffff
aaaaaaaaaaaa123456789gffffffffffff
aaaaaaaaaaaa123456789gffffffffffff
aaaaaaaaaaaa123456789gffffffffffff
aaaaaaaaaaaa123456789gffffffffffff
aaaaaaaaaaaa123456789gffffffffffff
aaaaaaaaaaaa123456789gffffffffffff
aaaaaaaaaaaa123456789gffffffffffff
ssssss1234567891fdddddddddddfddddddf
ssssss1234567891fdddddddddddfddddddf
ssssss1234567891fdddddddddddfddddddf
ssssss1234567891fdddddddddddfddddddf
ssssss1234567891fdddddddddddfddddddf
ssssss1234567891fdddddddddddfddddddf
ssssss1234567891fdddddddddddfddddddf
ssssss1234567891fdddddddddddfddddddf
ssssss1234567891fdddddddddddfddddddf
ssssss1234567891fdddddddddddfddddddf
ssssss1234567891fdddddddddddfddddddf
ssssss1234567891fdddddddddddfddddddf
ssssss1234567891fdddddddddddfddddddf
ssssss1234567891fdddddddddddfddddddf
ssssss1234567891fdddddddddddfddddddf
ssssss1234567891fdddddddddddfddddddf
ssssss1234567891fdddddddddddfddddddf
ssssss1234567891fdddddddddddfddddddf
ssssss1234567891fdddddddddddfddddddf
ssssss1234567891fdddddddddddfddddddf
