32
35
56
21
79
15
10
89
51
61
8
90
33
86
52
44
54
49
81
55
11
4
22
47
96
46
92
53
77
13
28
14
30
