21194933100
71 136 92 13 140 192 114 90 143 80 81 79 132 159 105 139 102 181 109 65 166 141 126 77 16 89 151 32 7 145 147 24 45 188 148 91 1 190 186 27 138 26 31 123 73 150 38 56 110 30 4 167 42 108 121 3 171 21 130 197 118 54 193 156 17 55 44 88 22 40 46 14 68 169 95 103 115 155 191 176 198 78 19 49 173 170 124 106 53 76 174 57 144 164 20 75 153 98 128 39 43 177 149 59 52 158 137 172 63 9 160 48 180 82 183 96 85 129 83 189 29 182 18 72 187 10 47 185 107 61 15 74 86 163 100 62 119 51 113 133 194 94 97 11 58 200 84 2 41 120 