1860224
1 2 3 4 5 7 8 10 11 14 18 21 22 23 24 25 26 27 28 30 31 32 33 37 38 40 47 48 50 51 53 54 57 58 59 60 62 63 65 66 68 70 71 73 74 75 76 78 79 80 81 83 84 85 90 91 94 95 97 100 102 103 104 105 107 110 112 113 114 115 119 120 122 124 126 129 130 131 132 133 136 137 138 142 143 144 146 147 148 149 150 152 154 155 156 157 158 160 161 162 163 164 165 169 171 172 173 175 176 180 182 184 185 188 190 192 193 194 195 196 197 198 201 202 205 206 210 211 213 215 