74
548 
592 
715 
844 
602 
857 
544 
847 
423 
623 
645 
384 
437 
297 
891 
56 
963 
272 
383 
477 
791 
812 
528 
479 
392 
925 
836 
71 
337 
87 
648 
20 
368 
832 
957 
778 
140 
978 
799 
800 
461 
520 
780 
678 
118 
720 
639 
582 
143 
537 
944 
758 
521 
105 
414 
264 
186 
774 
736 
456 
216 
135 
18 
324 
617 
149 
612 
222 
616 
386 
943 
902 
681 
449 
