3604458102
43 9 36 53 64 17 56 42 14 67 11 39 78 88 8 72 69 81 29 75 2 12 18 82 99 44 86 54 24 60 76 87 85 84 49 31 15 26 7 91 58 38 98 97 61 89 16 20 59 95 