26
59 
71 
60 
85 
42 
62 
43 
29 
89 
5 
96 
27 
79 
81 
52 
56 
39 
92 
7 
33 
8 
2 
36 
95 
77 
14 
